Flow report for DE2_115_NIOS_HOST_MOUSE_VGA
Thu Nov 30 11:45:45 2017
Quartus Prime Version 17.1.0 Build 590 10/25/2017 SJ Lite Edition


---------------------
; Table of Contents ;
---------------------
  1. Legal Notice
  2. Flow Summary
  3. Flow Settings
  4. Flow Non-Default Global Settings
  5. Flow Elapsed Time
  6. Flow OS Summary
  7. Flow Log
  8. Flow Messages
  9. Flow Suppressed Messages



----------------
; Legal Notice ;
----------------
Copyright (C) 2017  Intel Corporation. All rights reserved.
Your use of Intel Corporation's design tools, logic functions 
and other software and tools, and its AMPP partner logic 
functions, and any output files from any of the foregoing 
(including device programming or simulation files), and any 
associated documentation or information are expressly subject 
to the terms and conditions of the Intel Program License 
Subscription Agreement, the Intel Quartus Prime License Agreement,
the Intel FPGA IP License Agreement, or other applicable license
agreement, including, without limitation, that your use is for
the sole purpose of programming logic devices manufactured by
Intel and sold by Intel or its authorized distributors.  Please
refer to the applicable agreement for further details.



+----------------------------------------------------------------------------------+
; Flow Summary                                                                     ;
+------------------------------------+---------------------------------------------+
; Flow Status                        ; Successful - Thu Nov 30 11:45:29 2017       ;
; Quartus Prime Version              ; 17.1.0 Build 590 10/25/2017 SJ Lite Edition ;
; Revision Name                      ; DE2_115_NIOS_HOST_MOUSE_VGA                 ;
; Top-level Entity Name              ; Spectrum                                    ;
; Family                             ; Cyclone IV E                                ;
; Device                             ; EP4CE115F29C7                               ;
; Timing Models                      ; Final                                       ;
; Total logic elements               ; 13,422 / 114,480 ( 12 % )                   ;
;     Total combinational functions  ; 12,174 / 114,480 ( 11 % )                   ;
;     Dedicated logic registers      ; 9,269 / 114,480 ( 8 % )                     ;
; Total registers                    ; 9388                                        ;
; Total pins                         ; 389 / 529 ( 74 % )                          ;
; Total virtual pins                 ; 0                                           ;
; Total memory bits                  ; 2,592,412 / 3,981,312 ( 65 % )              ;
; Embedded Multiplier 9-bit elements ; 42 / 532 ( 8 % )                            ;
; Total PLLs                         ; 2 / 4 ( 50 % )                              ;
+------------------------------------+---------------------------------------------+


+-------------------------------------------------+
; Flow Settings                                   ;
+-------------------+-----------------------------+
; Option            ; Setting                     ;
+-------------------+-----------------------------+
; Start date & time ; 11/30/2017 11:40:07         ;
; Main task         ; Compilation                 ;
; Revision Name     ; DE2_115_NIOS_HOST_MOUSE_VGA ;
+-------------------+-----------------------------+


+-----------------------------------------------------------------------------------------------------------------------------------------------------------------------------------------------+
; Flow Non-Default Global Settings                                                                                                                                                              ;
+-------------------------------------+---------------------------------------------------------------------------------------------+-----------------------------+----------------+------------+
; Assignment Name                     ; Value                                                                                       ; Default Value               ; Entity Name    ; Section Id ;
+-------------------------------------+---------------------------------------------------------------------------------------------+-----------------------------+----------------+------------+
; COMPILER_SIGNATURE_ID               ; 2546680725505.151207080711256                                                               ; --                          ; --             ; --         ;
; ENABLE_SIGNALTAP                    ; Off                                                                                         ; --                          ; --             ; --         ;
; MAX_CORE_JUNCTION_TEMP              ; 85                                                                                          ; --                          ; --             ; --         ;
; MESSAGE_DISABLE                     ; 270007                                                                                      ; --                          ; myfft_fft_ii_0 ; --         ;
; MIN_CORE_JUNCTION_TEMP              ; 0                                                                                           ; --                          ; --             ; --         ;
; MISC_FILE                           ; D:/svn/DE2_115_GOLDEN_TOP/DE2_115_GOLDEN_TOP.dpf                                            ; --                          ; --             ; --         ;
; MISC_FILE                           ; D:/Projects/DE2C4/trunk/test/DE2_115_GOLDEN_TOP/DE2_115_GOLDEN_TOP.dpf                      ; --                          ; --             ; --         ;
; MISC_FILE                           ; D:/Document/de2c4/DE2_115_GOLDEN_TOP/DE2_115_GOLDEN_TOP.dpf                                 ; --                          ; --             ; --         ;
; MISC_FILE                           ; E:/SVN/DE2_115/trunk/test/de2_115_golden_top/DE2_115_GOLDEN_TOP.dpf                         ; --                          ; --             ; --         ;
; MISC_FILE                           ; D:/Home/User/Desktop/top_tool/top_tool/old/DE2_115_GOLDEN_TOP.dpf                           ; --                          ; --             ; --         ;
; MISC_FILE                           ; D:/SVN/DE2_115_CYPRESS/DEV/peli/DE2_115_NIOS_HOST_MOUSE_VGA/DE2_115_NIOS_HOST_MOUSE_VGA.dpf ; --                          ; --             ; --         ;
; MISC_FILE                           ; ip/TERASIC_Binary_VGA_Controller/hdl/my_img_data_bb.v                                       ; --                          ; --             ; --         ;
; MISC_FILE                           ; fftpll_bb.v                                                                                 ; --                          ; --             ; --         ;
; MISC_FILE                           ; fftpll.ppf                                                                                  ; --                          ; --             ; --         ;
; MISC_FILE                           ; myfft/synthesis/../myfft.cmp                                                                ; --                          ; --             ; --         ;
; MISC_FILE                           ; myfft/synthesis/../../myfft.qsys                                                            ; --                          ; --             ; --         ;
; MISC_FILE                           ; DE2_115_SOPC/synthesis/../DE2_115_SOPC.cmp                                                  ; --                          ; --             ; --         ;
; MISC_FILE                           ; DE2_115_SOPC/synthesis/../../DE2_115_SOPC.qsys                                              ; --                          ; --             ; --         ;
; MISC_FILE                           ; audioFIFO_bb.v                                                                              ; --                          ; --             ; --         ;
; MISC_FILE                           ; fftram_bb.v                                                                                 ; --                          ; --             ; --         ;
; NUM_PARALLEL_PROCESSORS             ; 2                                                                                           ; --                          ; --             ; --         ;
; PARTITION_COLOR                     ; -- (Not supported for targeted family)                                                      ; --                          ; Spectrum       ; Top        ;
; PARTITION_FITTER_PRESERVATION_LEVEL ; -- (Not supported for targeted family)                                                      ; --                          ; Spectrum       ; Top        ;
; PARTITION_NETLIST_TYPE              ; -- (Not supported for targeted family)                                                      ; --                          ; Spectrum       ; Top        ;
; POWER_BOARD_THERMAL_MODEL           ; None (CONSERVATIVE)                                                                         ; --                          ; --             ; --         ;
; POWER_PRESET_COOLING_SOLUTION       ; 23 MM HEAT SINK WITH 200 LFPM AIRFLOW                                                       ; --                          ; --             ; --         ;
; SLD_FILE                            ; myfft/synthesis/myfft.debuginfo                                                             ; --                          ; --             ; --         ;
; SLD_FILE                            ; DE2_115_SOPC/synthesis/DE2_115_SOPC.regmap                                                  ; --                          ; --             ; --         ;
; SLD_FILE                            ; DE2_115_SOPC/synthesis/DE2_115_SOPC.debuginfo                                               ; --                          ; --             ; --         ;
; SLD_INFO                            ; QSYS_NAME DE2_115_SOPC HAS_SOPCINFO 1 GENERATION_ID 1512070727                              ; --                          ; DE2_115_SOPC   ; --         ;
; SLD_INFO                            ; QSYS_NAME myfft HAS_SOPCINFO 1 GENERATION_ID 1512070407                                     ; --                          ; myfft          ; --         ;
; SMART_RECOMPILE                     ; On                                                                                          ; Off                         ; --             ; --         ;
; SOPCINFO_FILE                       ; myfft/synthesis/../../myfft.sopcinfo                                                        ; --                          ; --             ; --         ;
; SOPCINFO_FILE                       ; DE2_115_SOPC/synthesis/../../DE2_115_SOPC.sopcinfo                                          ; --                          ; --             ; --         ;
; SYNTHESIS_ONLY_QIP                  ; On                                                                                          ; --                          ; --             ; --         ;
; SYNTHESIS_ONLY_QIP                  ; On                                                                                          ; --                          ; --             ; --         ;
; TOP_LEVEL_ENTITY                    ; Spectrum                                                                                    ; DE2_115_NIOS_HOST_MOUSE_VGA ; --             ; --         ;
; USE_SIGNALTAP_FILE                  ; stp1.stp                                                                                    ; --                          ; --             ; --         ;
+-------------------------------------+---------------------------------------------------------------------------------------------+-----------------------------+----------------+------------+


+-------------------------------------------------------------------------------------------------------------------------------+
; Flow Elapsed Time                                                                                                             ;
+---------------------------+--------------+-------------------------+---------------------+------------------------------------+
; Module Name               ; Elapsed Time ; Average Processors Used ; Peak Virtual Memory ; Total CPU Time (on all processors) ;
+---------------------------+--------------+-------------------------+---------------------+------------------------------------+
; Analysis & Synthesis      ; 00:02:05     ; 1.0                     ; 1156 MB             ; 00:02:38                           ;
; Fitter                    ; 00:02:53     ; 1.1                     ; 1573 MB             ; 00:03:47                           ;
; Assembler                 ; 00:00:07     ; 1.0                     ; 635 MB              ; 00:00:07                           ;
; TimeQuest Timing Analyzer ; 00:00:15     ; 1.2                     ; 881 MB              ; 00:00:16                           ;
; Total                     ; 00:05:20     ; --                      ; --                  ; 00:06:48                           ;
+---------------------------+--------------+-------------------------+---------------------+------------------------------------+


+----------------------------------------------------------------------------------------+
; Flow OS Summary                                                                        ;
+---------------------------+------------------+-----------+------------+----------------+
; Module Name               ; Machine Hostname ; OS Name   ; OS Version ; Processor type ;
+---------------------------+------------------+-----------+------------+----------------+
; Analysis & Synthesis      ; Del_Alienware    ; Windows 7 ; 6.1        ; x86_64         ;
; Fitter                    ; Del_Alienware    ; Windows 7 ; 6.1        ; x86_64         ;
; Assembler                 ; Del_Alienware    ; Windows 7 ; 6.1        ; x86_64         ;
; TimeQuest Timing Analyzer ; Del_Alienware    ; Windows 7 ; 6.1        ; x86_64         ;
+---------------------------+------------------+-----------+------------+----------------+


------------
; Flow Log ;
------------
quartus_map --read_settings_files=on --write_settings_files=off DE2_115_NIOS_HOST_MOUSE_VGA -c DE2_115_NIOS_HOST_MOUSE_VGA
quartus_fit --read_settings_files=off --write_settings_files=off DE2_115_NIOS_HOST_MOUSE_VGA -c DE2_115_NIOS_HOST_MOUSE_VGA
quartus_asm --read_settings_files=off --write_settings_files=off DE2_115_NIOS_HOST_MOUSE_VGA -c DE2_115_NIOS_HOST_MOUSE_VGA
quartus_sta DE2_115_NIOS_HOST_MOUSE_VGA -c DE2_115_NIOS_HOST_MOUSE_VGA



