------------------------------------------------------------
TimeQuest Timing Analyzer Summary
------------------------------------------------------------

Type  : Slow 1200mV 85C Model Setup 'DE2_115_SOPC_inst|pll|sd1|pll7|clk[0]'
Slack : -0.016
TNS   : -0.032

Type  : Slow 1200mV 85C Model Setup 'thispll|altpll_component|auto_generated|pll1|clk[0]'
Slack : 3.464
TNS   : 0.000

Type  : Slow 1200mV 85C Model Setup 'DE2_115_SOPC_inst|pll|sd1|pll7|clk[3]'
Slack : 7.069
TNS   : 0.000

Type  : Slow 1200mV 85C Model Setup 'clock_50_1'
Slack : 15.953
TNS   : 0.000

Type  : Slow 1200mV 85C Model Setup 'altera_reserved_tck'
Slack : 44.371
TNS   : 0.000

Type  : Slow 1200mV 85C Model Setup 'DE2_115_SOPC_inst|pll|sd1|pll7|clk[2]'
Slack : 89.045
TNS   : 0.000

Type  : Slow 1200mV 85C Model Hold 'DE2_115_SOPC_inst|pll|sd1|pll7|clk[0]'
Slack : 0.299
TNS   : 0.000

Type  : Slow 1200mV 85C Model Hold 'thispll|altpll_component|auto_generated|pll1|clk[0]'
Slack : 0.334
TNS   : 0.000

Type  : Slow 1200mV 85C Model Hold 'clock_50_1'
Slack : 0.344
TNS   : 0.000

Type  : Slow 1200mV 85C Model Hold 'DE2_115_SOPC_inst|pll|sd1|pll7|clk[2]'
Slack : 0.362
TNS   : 0.000

Type  : Slow 1200mV 85C Model Hold 'altera_reserved_tck'
Slack : 0.402
TNS   : 0.000

Type  : Slow 1200mV 85C Model Hold 'DE2_115_SOPC_inst|pll|sd1|pll7|clk[3]'
Slack : 0.404
TNS   : 0.000

Type  : Slow 1200mV 85C Model Recovery 'DE2_115_SOPC_inst|pll|sd1|pll7|clk[0]'
Slack : 1.363
TNS   : 0.000

Type  : Slow 1200mV 85C Model Recovery 'thispll|altpll_component|auto_generated|pll1|clk[0]'
Slack : 4.394
TNS   : 0.000

Type  : Slow 1200mV 85C Model Recovery 'DE2_115_SOPC_inst|pll|sd1|pll7|clk[3]'
Slack : 6.301
TNS   : 0.000

Type  : Slow 1200mV 85C Model Recovery 'clock_50_1'
Slack : 17.685
TNS   : 0.000

Type  : Slow 1200mV 85C Model Recovery 'altera_reserved_tck'
Slack : 48.006
TNS   : 0.000

Type  : Slow 1200mV 85C Model Recovery 'DE2_115_SOPC_inst|pll|sd1|pll7|clk[2]'
Slack : 95.723
TNS   : 0.000

Type  : Slow 1200mV 85C Model Removal 'altera_reserved_tck'
Slack : 1.211
TNS   : 0.000

Type  : Slow 1200mV 85C Model Removal 'clock_50_1'
Slack : 1.213
TNS   : 0.000

Type  : Slow 1200mV 85C Model Removal 'DE2_115_SOPC_inst|pll|sd1|pll7|clk[0]'
Slack : 2.588
TNS   : 0.000

Type  : Slow 1200mV 85C Model Removal 'DE2_115_SOPC_inst|pll|sd1|pll7|clk[2]'
Slack : 2.785
TNS   : 0.000

Type  : Slow 1200mV 85C Model Removal 'DE2_115_SOPC_inst|pll|sd1|pll7|clk[3]'
Slack : 2.946
TNS   : 0.000

Type  : Slow 1200mV 85C Model Removal 'thispll|altpll_component|auto_generated|pll1|clk[0]'
Slack : 2.969
TNS   : 0.000

Type  : Slow 1200mV 85C Model Minimum Pulse Width 'DE2_115_SOPC_inst|pll|sd1|pll7|clk[0]'
Slack : 4.622
TNS   : 0.000

Type  : Slow 1200mV 85C Model Minimum Pulse Width 'clock_50_1'
Slack : 9.684
TNS   : 0.000

Type  : Slow 1200mV 85C Model Minimum Pulse Width 'clock_50_2'
Slack : 16.000
TNS   : 0.000

Type  : Slow 1200mV 85C Model Minimum Pulse Width 'clock_50_3'
Slack : 16.000
TNS   : 0.000

Type  : Slow 1200mV 85C Model Minimum Pulse Width 'DE2_115_SOPC_inst|pll|sd1|pll7|clk[3]'
Slack : 19.709
TNS   : 0.000

Type  : Slow 1200mV 85C Model Minimum Pulse Width 'clock_27'
Slack : 33.030
TNS   : 0.000

Type  : Slow 1200mV 85C Model Minimum Pulse Width 'altera_reserved_tck'
Slack : 49.545
TNS   : 0.000

Type  : Slow 1200mV 85C Model Minimum Pulse Width 'thispll|altpll_component|auto_generated|pll1|clk[0]'
Slack : 49.605
TNS   : 0.000

Type  : Slow 1200mV 85C Model Minimum Pulse Width 'DE2_115_SOPC_inst|pll|sd1|pll7|clk[2]'
Slack : 49.706
TNS   : 0.000

Type  : Slow 1200mV 0C Model Setup 'DE2_115_SOPC_inst|pll|sd1|pll7|clk[0]'
Slack : 0.353
TNS   : 0.000

Type  : Slow 1200mV 0C Model Setup 'thispll|altpll_component|auto_generated|pll1|clk[0]'
Slack : 4.007
TNS   : 0.000

Type  : Slow 1200mV 0C Model Setup 'DE2_115_SOPC_inst|pll|sd1|pll7|clk[3]'
Slack : 8.192
TNS   : 0.000

Type  : Slow 1200mV 0C Model Setup 'clock_50_1'
Slack : 16.306
TNS   : 0.000

Type  : Slow 1200mV 0C Model Setup 'altera_reserved_tck'
Slack : 44.947
TNS   : 0.000

Type  : Slow 1200mV 0C Model Setup 'DE2_115_SOPC_inst|pll|sd1|pll7|clk[2]'
Slack : 89.987
TNS   : 0.000

Type  : Slow 1200mV 0C Model Hold 'clock_50_1'
Slack : 0.286
TNS   : 0.000

Type  : Slow 1200mV 0C Model Hold 'DE2_115_SOPC_inst|pll|sd1|pll7|clk[0]'
Slack : 0.302
TNS   : 0.000

Type  : Slow 1200mV 0C Model Hold 'DE2_115_SOPC_inst|pll|sd1|pll7|clk[2]'
Slack : 0.332
TNS   : 0.000

Type  : Slow 1200mV 0C Model Hold 'thispll|altpll_component|auto_generated|pll1|clk[0]'
Slack : 0.337
TNS   : 0.000

Type  : Slow 1200mV 0C Model Hold 'altera_reserved_tck'
Slack : 0.353
TNS   : 0.000

Type  : Slow 1200mV 0C Model Hold 'DE2_115_SOPC_inst|pll|sd1|pll7|clk[3]'
Slack : 0.355
TNS   : 0.000

Type  : Slow 1200mV 0C Model Recovery 'DE2_115_SOPC_inst|pll|sd1|pll7|clk[0]'
Slack : 1.737
TNS   : 0.000

Type  : Slow 1200mV 0C Model Recovery 'thispll|altpll_component|auto_generated|pll1|clk[0]'
Slack : 4.862
TNS   : 0.000

Type  : Slow 1200mV 0C Model Recovery 'DE2_115_SOPC_inst|pll|sd1|pll7|clk[3]'
Slack : 6.695
TNS   : 0.000

Type  : Slow 1200mV 0C Model Recovery 'clock_50_1'
Slack : 17.872
TNS   : 0.000

Type  : Slow 1200mV 0C Model Recovery 'altera_reserved_tck'
Slack : 48.305
TNS   : 0.000

Type  : Slow 1200mV 0C Model Recovery 'DE2_115_SOPC_inst|pll|sd1|pll7|clk[2]'
Slack : 96.158
TNS   : 0.000

Type  : Slow 1200mV 0C Model Removal 'altera_reserved_tck'
Slack : 1.116
TNS   : 0.000

Type  : Slow 1200mV 0C Model Removal 'clock_50_1'
Slack : 1.116
TNS   : 0.000

Type  : Slow 1200mV 0C Model Removal 'DE2_115_SOPC_inst|pll|sd1|pll7|clk[0]'
Slack : 2.310
TNS   : 0.000

Type  : Slow 1200mV 0C Model Removal 'DE2_115_SOPC_inst|pll|sd1|pll7|clk[2]'
Slack : 2.486
TNS   : 0.000

Type  : Slow 1200mV 0C Model Removal 'DE2_115_SOPC_inst|pll|sd1|pll7|clk[3]'
Slack : 2.640
TNS   : 0.000

Type  : Slow 1200mV 0C Model Removal 'thispll|altpll_component|auto_generated|pll1|clk[0]'
Slack : 2.699
TNS   : 0.000

Type  : Slow 1200mV 0C Model Minimum Pulse Width 'DE2_115_SOPC_inst|pll|sd1|pll7|clk[0]'
Slack : 4.652
TNS   : 0.000

Type  : Slow 1200mV 0C Model Minimum Pulse Width 'clock_50_1'
Slack : 9.659
TNS   : 0.000

Type  : Slow 1200mV 0C Model Minimum Pulse Width 'clock_50_2'
Slack : 16.000
TNS   : 0.000

Type  : Slow 1200mV 0C Model Minimum Pulse Width 'clock_50_3'
Slack : 16.000
TNS   : 0.000

Type  : Slow 1200mV 0C Model Minimum Pulse Width 'DE2_115_SOPC_inst|pll|sd1|pll7|clk[3]'
Slack : 19.709
TNS   : 0.000

Type  : Slow 1200mV 0C Model Minimum Pulse Width 'clock_27'
Slack : 33.030
TNS   : 0.000

Type  : Slow 1200mV 0C Model Minimum Pulse Width 'altera_reserved_tck'
Slack : 49.477
TNS   : 0.000

Type  : Slow 1200mV 0C Model Minimum Pulse Width 'thispll|altpll_component|auto_generated|pll1|clk[0]'
Slack : 49.641
TNS   : 0.000

Type  : Slow 1200mV 0C Model Minimum Pulse Width 'DE2_115_SOPC_inst|pll|sd1|pll7|clk[2]'
Slack : 49.692
TNS   : 0.000

Type  : Fast 1200mV 0C Model Setup 'DE2_115_SOPC_inst|pll|sd1|pll7|clk[0]'
Slack : 2.563
TNS   : 0.000

Type  : Fast 1200mV 0C Model Setup 'thispll|altpll_component|auto_generated|pll1|clk[0]'
Slack : 6.603
TNS   : 0.000

Type  : Fast 1200mV 0C Model Setup 'DE2_115_SOPC_inst|pll|sd1|pll7|clk[3]'
Slack : 13.333
TNS   : 0.000

Type  : Fast 1200mV 0C Model Setup 'clock_50_1'
Slack : 18.056
TNS   : 0.000

Type  : Fast 1200mV 0C Model Setup 'altera_reserved_tck'
Slack : 47.480
TNS   : 0.000

Type  : Fast 1200mV 0C Model Setup 'DE2_115_SOPC_inst|pll|sd1|pll7|clk[2]'
Slack : 94.611
TNS   : 0.000

Type  : Fast 1200mV 0C Model Hold 'clock_50_1'
Slack : 0.091
TNS   : 0.000

Type  : Fast 1200mV 0C Model Hold 'thispll|altpll_component|auto_generated|pll1|clk[0]'
Slack : 0.106
TNS   : 0.000

Type  : Fast 1200mV 0C Model Hold 'DE2_115_SOPC_inst|pll|sd1|pll7|clk[0]'
Slack : 0.111
TNS   : 0.000

Type  : Fast 1200mV 0C Model Hold 'DE2_115_SOPC_inst|pll|sd1|pll7|clk[2]'
Slack : 0.140
TNS   : 0.000

Type  : Fast 1200mV 0C Model Hold 'DE2_115_SOPC_inst|pll|sd1|pll7|clk[3]'
Slack : 0.182
TNS   : 0.000

Type  : Fast 1200mV 0C Model Hold 'altera_reserved_tck'
Slack : 0.182
TNS   : 0.000

Type  : Fast 1200mV 0C Model Recovery 'DE2_115_SOPC_inst|pll|sd1|pll7|clk[0]'
Slack : 3.093
TNS   : 0.000

Type  : Fast 1200mV 0C Model Recovery 'thispll|altpll_component|auto_generated|pll1|clk[0]'
Slack : 6.959
TNS   : 0.000

Type  : Fast 1200mV 0C Model Recovery 'DE2_115_SOPC_inst|pll|sd1|pll7|clk[3]'
Slack : 8.024
TNS   : 0.000

Type  : Fast 1200mV 0C Model Recovery 'clock_50_1'
Slack : 18.792
TNS   : 0.000

Type  : Fast 1200mV 0C Model Recovery 'altera_reserved_tck'
Slack : 49.329
TNS   : 0.000

Type  : Fast 1200mV 0C Model Recovery 'DE2_115_SOPC_inst|pll|sd1|pll7|clk[2]'
Slack : 97.698
TNS   : 0.000

Type  : Fast 1200mV 0C Model Removal 'altera_reserved_tck'
Slack : 0.565
TNS   : 0.000

Type  : Fast 1200mV 0C Model Removal 'clock_50_1'
Slack : 0.569
TNS   : 0.000

Type  : Fast 1200mV 0C Model Removal 'DE2_115_SOPC_inst|pll|sd1|pll7|clk[0]'
Slack : 1.371
TNS   : 0.000

Type  : Fast 1200mV 0C Model Removal 'thispll|altpll_component|auto_generated|pll1|clk[0]'
Slack : 1.458
TNS   : 0.000

Type  : Fast 1200mV 0C Model Removal 'DE2_115_SOPC_inst|pll|sd1|pll7|clk[2]'
Slack : 1.468
TNS   : 0.000

Type  : Fast 1200mV 0C Model Removal 'DE2_115_SOPC_inst|pll|sd1|pll7|clk[3]'
Slack : 1.529
TNS   : 0.000

Type  : Fast 1200mV 0C Model Minimum Pulse Width 'DE2_115_SOPC_inst|pll|sd1|pll7|clk[0]'
Slack : 4.745
TNS   : 0.000

Type  : Fast 1200mV 0C Model Minimum Pulse Width 'clock_50_1'
Slack : 9.265
TNS   : 0.000

Type  : Fast 1200mV 0C Model Minimum Pulse Width 'clock_50_2'
Slack : 16.000
TNS   : 0.000

Type  : Fast 1200mV 0C Model Minimum Pulse Width 'clock_50_3'
Slack : 16.000
TNS   : 0.000

Type  : Fast 1200mV 0C Model Minimum Pulse Width 'DE2_115_SOPC_inst|pll|sd1|pll7|clk[3]'
Slack : 19.752
TNS   : 0.000

Type  : Fast 1200mV 0C Model Minimum Pulse Width 'clock_27'
Slack : 33.030
TNS   : 0.000

Type  : Fast 1200mV 0C Model Minimum Pulse Width 'altera_reserved_tck'
Slack : 49.300
TNS   : 0.000

Type  : Fast 1200mV 0C Model Minimum Pulse Width 'DE2_115_SOPC_inst|pll|sd1|pll7|clk[2]'
Slack : 49.751
TNS   : 0.000

Type  : Fast 1200mV 0C Model Minimum Pulse Width 'thispll|altpll_component|auto_generated|pll1|clk[0]'
Slack : 49.759
TNS   : 0.000

------------------------------------------------------------
